Fatal error: exception Failure("illegal assignment string = int in word = 5")
