Fatal error: exception Failure("return gives string expected int in hi")
