Fatal error: exception Failure("illegal assignment List(int, 2) = List(int, 1) in subli = li[2:3]")
