Fatal error: exception Failure("beginning and end indices are the same. Use list indexing instead")
