Fatal error: exception Failure("index out of range for slicing in li")
