Fatal error: exception Failure("List elements not uniform")
