Fatal error: exception Failure("illegal access List(int, 3)[char] in li[c]")
