Fatal error: exception Failure("illegal assignment List(int, 4) = List(int, 3) in sum = li1 + li2")
