Fatal error: exception Failure("illegal assignment string = int in a = myli[2]")
